--------------------------------------------------------------------------------
Release 14.7 Trace  (nt64)
Copyright (c) 1995-2013 Xilinx, Inc.  All rights reserved.

C:\Xilinx\14.7\ISE_DS\ISE\bin\nt64\unwrapped\trce.exe -intstyle ise -v 3 -s 3
-n 3 -fastpaths -xml main.twx main.ncd -o main.twr main.pcf -ucf main.ucf

Design file:              main.ncd
Physical constraint file: main.pcf
Device,package,speed:     xc7a100t,csg324,C,-3 (PRODUCTION 1.10 2013-10-13)
Report level:             verbose report

Environment Variable      Effect 
--------------------      ------ 
NONE                      No environment variables were set
--------------------------------------------------------------------------------

INFO:Timing:2698 - No timing constraints found, doing default enumeration.
INFO:Timing:3412 - To improve timing, see the Timing Closure User Guide (UG612).
INFO:Timing:2752 - To get complete path coverage, use the unconstrained paths 
   option. All paths that are not constrained will be reported in the 
   unconstrained paths section(s) of the report.
INFO:Timing:3339 - The clock-to-out numbers in this timing report are based on 
   a 50 Ohm transmission line loading model.  For the details of this model, 
   and for more information on accounting for different loading conditions, 
   please see the device datasheet.



Data Sheet report:
-----------------
All values displayed in nanoseconds (ns)

Clock Clk to Pad
------------+-----------------+------------+-----------------+------------+------------------+--------+
            |Max (slowest) clk|  Process   |Min (fastest) clk|  Process   |                  | Clock  |
Destination |  (edge) to PAD  |   Corner   |  (edge) to PAD  |   Corner   |Internal Clock(s) | Phase  |
------------+-----------------+------------+-----------------+------------+------------------+--------+
an<0>       |        10.431(R)|      SLOW  |         3.808(R)|      FAST  |Clk_BUFGP         |   0.000|
an<1>       |        10.183(R)|      SLOW  |         3.695(R)|      FAST  |Clk_BUFGP         |   0.000|
an<2>       |        10.203(R)|      SLOW  |         3.745(R)|      FAST  |Clk_BUFGP         |   0.000|
seg<0>      |        13.569(R)|      SLOW  |         3.923(R)|      FAST  |Clk_BUFGP         |   0.000|
seg<1>      |        13.477(R)|      SLOW  |         3.892(R)|      FAST  |Clk_BUFGP         |   0.000|
seg<2>      |        13.575(R)|      SLOW  |         3.942(R)|      FAST  |Clk_BUFGP         |   0.000|
seg<3>      |        13.550(R)|      SLOW  |         3.795(R)|      FAST  |Clk_BUFGP         |   0.000|
seg<4>      |        13.552(R)|      SLOW  |         3.912(R)|      FAST  |Clk_BUFGP         |   0.000|
seg<5>      |        13.863(R)|      SLOW  |         3.960(R)|      FAST  |Clk_BUFGP         |   0.000|
seg<6>      |        13.476(R)|      SLOW  |         3.827(R)|      FAST  |Clk_BUFGP         |   0.000|
------------+-----------------+------------+-----------------+------------+------------------+--------+

Clock add_button to Pad
------------+-----------------+------------+-----------------+------------+----------------------------------+--------+
            |Max (slowest) clk|  Process   |Min (fastest) clk|  Process   |                                  | Clock  |
Destination |  (edge) to PAD  |   Corner   |  (edge) to PAD  |   Corner   |Internal Clock(s)                 | Phase  |
------------+-----------------+------------+-----------------+------------+----------------------------------+--------+
seg<0>      |        16.111(F)|      SLOW  |         5.542(F)|      FAST  |current_state[1]_PWR_12_o_Mux_11_o|   0.000|
seg<1>      |        16.007(F)|      SLOW  |         5.514(F)|      FAST  |current_state[1]_PWR_12_o_Mux_11_o|   0.000|
seg<2>      |        16.110(F)|      SLOW  |         5.565(F)|      FAST  |current_state[1]_PWR_12_o_Mux_11_o|   0.000|
seg<3>      |        16.229(F)|      SLOW  |         5.534(F)|      FAST  |current_state[1]_PWR_12_o_Mux_11_o|   0.000|
seg<4>      |        16.100(F)|      SLOW  |         5.531(F)|      FAST  |current_state[1]_PWR_12_o_Mux_11_o|   0.000|
seg<5>      |        16.542(F)|      SLOW  |         5.695(F)|      FAST  |current_state[1]_PWR_12_o_Mux_11_o|   0.000|
seg<6>      |        16.063(F)|      SLOW  |         5.567(F)|      FAST  |current_state[1]_PWR_12_o_Mux_11_o|   0.000|
------------+-----------------+------------+-----------------+------------+----------------------------------+--------+

Clock back_button to Pad
------------+-----------------+------------+-----------------+------------+----------------------------------+--------+
            |Max (slowest) clk|  Process   |Min (fastest) clk|  Process   |                                  | Clock  |
Destination |  (edge) to PAD  |   Corner   |  (edge) to PAD  |   Corner   |Internal Clock(s)                 | Phase  |
------------+-----------------+------------+-----------------+------------+----------------------------------+--------+
seg<0>      |        15.838(F)|      SLOW  |         5.444(F)|      FAST  |current_state[1]_PWR_12_o_Mux_11_o|   0.000|
seg<1>      |        15.734(F)|      SLOW  |         5.416(F)|      FAST  |current_state[1]_PWR_12_o_Mux_11_o|   0.000|
seg<2>      |        15.837(F)|      SLOW  |         5.467(F)|      FAST  |current_state[1]_PWR_12_o_Mux_11_o|   0.000|
seg<3>      |        15.956(F)|      SLOW  |         5.436(F)|      FAST  |current_state[1]_PWR_12_o_Mux_11_o|   0.000|
seg<4>      |        15.827(F)|      SLOW  |         5.433(F)|      FAST  |current_state[1]_PWR_12_o_Mux_11_o|   0.000|
seg<5>      |        16.269(F)|      SLOW  |         5.597(F)|      FAST  |current_state[1]_PWR_12_o_Mux_11_o|   0.000|
seg<6>      |        15.790(F)|      SLOW  |         5.469(F)|      FAST  |current_state[1]_PWR_12_o_Mux_11_o|   0.000|
------------+-----------------+------------+-----------------+------------+----------------------------------+--------+

Clock diff_button to Pad
------------+-----------------+------------+-----------------+------------+----------------------------------+--------+
            |Max (slowest) clk|  Process   |Min (fastest) clk|  Process   |                                  | Clock  |
Destination |  (edge) to PAD  |   Corner   |  (edge) to PAD  |   Corner   |Internal Clock(s)                 | Phase  |
------------+-----------------+------------+-----------------+------------+----------------------------------+--------+
seg<0>      |        16.265(F)|      SLOW  |         5.612(F)|      FAST  |current_state[1]_PWR_12_o_Mux_11_o|   0.000|
seg<1>      |        16.161(F)|      SLOW  |         5.584(F)|      FAST  |current_state[1]_PWR_12_o_Mux_11_o|   0.000|
seg<2>      |        16.264(F)|      SLOW  |         5.635(F)|      FAST  |current_state[1]_PWR_12_o_Mux_11_o|   0.000|
seg<3>      |        16.383(F)|      SLOW  |         5.604(F)|      FAST  |current_state[1]_PWR_12_o_Mux_11_o|   0.000|
seg<4>      |        16.254(F)|      SLOW  |         5.601(F)|      FAST  |current_state[1]_PWR_12_o_Mux_11_o|   0.000|
seg<5>      |        16.696(F)|      SLOW  |         5.765(F)|      FAST  |current_state[1]_PWR_12_o_Mux_11_o|   0.000|
seg<6>      |        16.217(F)|      SLOW  |         5.637(F)|      FAST  |current_state[1]_PWR_12_o_Mux_11_o|   0.000|
------------+-----------------+------------+-----------------+------------+----------------------------------+--------+

Clock res_button to Pad
------------+-----------------+------------+-----------------+------------+----------------------------------+--------+
            |Max (slowest) clk|  Process   |Min (fastest) clk|  Process   |                                  | Clock  |
Destination |  (edge) to PAD  |   Corner   |  (edge) to PAD  |   Corner   |Internal Clock(s)                 | Phase  |
------------+-----------------+------------+-----------------+------------+----------------------------------+--------+
seg<0>      |        15.925(F)|      SLOW  |         5.439(F)|      FAST  |current_state[1]_PWR_12_o_Mux_11_o|   0.000|
seg<1>      |        15.821(F)|      SLOW  |         5.411(F)|      FAST  |current_state[1]_PWR_12_o_Mux_11_o|   0.000|
seg<2>      |        15.924(F)|      SLOW  |         5.462(F)|      FAST  |current_state[1]_PWR_12_o_Mux_11_o|   0.000|
seg<3>      |        16.043(F)|      SLOW  |         5.431(F)|      FAST  |current_state[1]_PWR_12_o_Mux_11_o|   0.000|
seg<4>      |        15.914(F)|      SLOW  |         5.428(F)|      FAST  |current_state[1]_PWR_12_o_Mux_11_o|   0.000|
seg<5>      |        16.356(F)|      SLOW  |         5.592(F)|      FAST  |current_state[1]_PWR_12_o_Mux_11_o|   0.000|
seg<6>      |        15.877(F)|      SLOW  |         5.464(F)|      FAST  |current_state[1]_PWR_12_o_Mux_11_o|   0.000|
------------+-----------------+------------+-----------------+------------+----------------------------------+--------+

Clock rst_button to Pad
------------+-----------------+------------+-----------------+------------+----------------------------------+--------+
            |Max (slowest) clk|  Process   |Min (fastest) clk|  Process   |                                  | Clock  |
Destination |  (edge) to PAD  |   Corner   |  (edge) to PAD  |   Corner   |Internal Clock(s)                 | Phase  |
------------+-----------------+------------+-----------------+------------+----------------------------------+--------+
seg<0>      |        16.367(F)|      SLOW  |         5.652(F)|      FAST  |current_state[1]_PWR_12_o_Mux_11_o|   0.000|
seg<1>      |        16.263(F)|      SLOW  |         5.624(F)|      FAST  |current_state[1]_PWR_12_o_Mux_11_o|   0.000|
seg<2>      |        16.366(F)|      SLOW  |         5.675(F)|      FAST  |current_state[1]_PWR_12_o_Mux_11_o|   0.000|
seg<3>      |        16.485(F)|      SLOW  |         5.644(F)|      FAST  |current_state[1]_PWR_12_o_Mux_11_o|   0.000|
seg<4>      |        16.356(F)|      SLOW  |         5.641(F)|      FAST  |current_state[1]_PWR_12_o_Mux_11_o|   0.000|
seg<5>      |        16.798(F)|      SLOW  |         5.805(F)|      FAST  |current_state[1]_PWR_12_o_Mux_11_o|   0.000|
seg<6>      |        16.319(F)|      SLOW  |         5.677(F)|      FAST  |current_state[1]_PWR_12_o_Mux_11_o|   0.000|
------------+-----------------+------------+-----------------+------------+----------------------------------+--------+

Clock to Setup on destination clock Clk
---------------+---------+---------+---------+---------+
               | Src:Rise| Src:Fall| Src:Rise| Src:Fall|
Source Clock   |Dest:Rise|Dest:Rise|Dest:Fall|Dest:Fall|
---------------+---------+---------+---------+---------+
Clk            |    1.560|         |         |         |
add_button     |    0.423|    0.423|         |         |
back_button    |    0.407|    0.407|         |         |
diff_button    |    0.511|    0.511|         |         |
res_button     |    0.558|    0.558|         |         |
rst_button     |    0.672|    0.672|         |         |
---------------+---------+---------+---------+---------+

Clock to Setup on destination clock add_button
---------------+---------+---------+---------+---------+
               | Src:Rise| Src:Fall| Src:Rise| Src:Fall|
Source Clock   |Dest:Rise|Dest:Rise|Dest:Fall|Dest:Fall|
---------------+---------+---------+---------+---------+
Clk            |         |         |    1.396|         |
add_button     |         |         |   -0.137|   -0.137|
back_button    |         |         |   -0.029|   -0.029|
---------------+---------+---------+---------+---------+

Clock to Setup on destination clock back_button
---------------+---------+---------+---------+---------+
               | Src:Rise| Src:Fall| Src:Rise| Src:Fall|
Source Clock   |Dest:Rise|Dest:Rise|Dest:Fall|Dest:Fall|
---------------+---------+---------+---------+---------+
Clk            |         |         |    1.396|         |
add_button     |         |         |   -0.039|   -0.039|
back_button    |         |         |    0.069|    0.069|
---------------+---------+---------+---------+---------+

Clock to Setup on destination clock diff_button
---------------+---------+---------+---------+---------+
               | Src:Rise| Src:Fall| Src:Rise| Src:Fall|
Source Clock   |Dest:Rise|Dest:Rise|Dest:Fall|Dest:Fall|
---------------+---------+---------+---------+---------+
Clk            |         |         |    1.396|         |
add_button     |         |         |   -0.207|   -0.207|
back_button    |         |         |   -0.099|   -0.099|
---------------+---------+---------+---------+---------+

Clock to Setup on destination clock res_button
---------------+---------+---------+---------+---------+
               | Src:Rise| Src:Fall| Src:Rise| Src:Fall|
Source Clock   |Dest:Rise|Dest:Rise|Dest:Fall|Dest:Fall|
---------------+---------+---------+---------+---------+
Clk            |         |         |    1.396|         |
add_button     |         |         |   -0.034|   -0.034|
back_button    |         |         |    0.074|    0.074|
---------------+---------+---------+---------+---------+

Clock to Setup on destination clock rst_button
---------------+---------+---------+---------+---------+
               | Src:Rise| Src:Fall| Src:Rise| Src:Fall|
Source Clock   |Dest:Rise|Dest:Rise|Dest:Fall|Dest:Fall|
---------------+---------+---------+---------+---------+
Clk            |         |         |    1.396|         |
add_button     |         |         |   -0.247|   -0.247|
back_button    |         |         |   -0.139|   -0.139|
---------------+---------+---------+---------+---------+

Pad to Pad
---------------+---------------+---------+
Source Pad     |Destination Pad|  Delay  |
---------------+---------------+---------+
A<0>           |seg<0>         |   11.771|
A<0>           |seg<1>         |   11.667|
A<0>           |seg<2>         |   11.770|
A<0>           |seg<3>         |   11.889|
A<0>           |seg<4>         |   11.760|
A<0>           |seg<5>         |   12.202|
A<0>           |seg<6>         |   11.723|
A<1>           |seg<0>         |   11.898|
A<1>           |seg<1>         |   11.794|
A<1>           |seg<2>         |   11.897|
A<1>           |seg<3>         |   12.016|
A<1>           |seg<4>         |   11.887|
A<1>           |seg<5>         |   12.329|
A<1>           |seg<6>         |   11.850|
A<2>           |seg<0>         |   11.687|
A<2>           |seg<1>         |   11.583|
A<2>           |seg<2>         |   11.686|
A<2>           |seg<3>         |   11.805|
A<2>           |seg<4>         |   11.676|
A<2>           |seg<5>         |   12.118|
A<2>           |seg<6>         |   11.639|
A<3>           |seg<0>         |   11.339|
A<3>           |seg<1>         |   11.235|
A<3>           |seg<2>         |   11.338|
A<3>           |seg<3>         |   11.457|
A<3>           |seg<4>         |   11.328|
A<3>           |seg<5>         |   11.770|
A<3>           |seg<6>         |   11.291|
A<4>           |seg<0>         |   10.966|
A<4>           |seg<1>         |   10.862|
A<4>           |seg<2>         |   10.965|
A<4>           |seg<3>         |   11.084|
A<4>           |seg<4>         |   10.955|
A<4>           |seg<5>         |   11.397|
A<4>           |seg<6>         |   10.918|
A<5>           |seg<0>         |   10.624|
A<5>           |seg<1>         |   10.520|
A<5>           |seg<2>         |   10.623|
A<5>           |seg<3>         |   10.742|
A<5>           |seg<4>         |   10.613|
A<5>           |seg<5>         |   11.055|
A<5>           |seg<6>         |   10.576|
A<6>           |seg<0>         |   10.595|
A<6>           |seg<1>         |   10.491|
A<6>           |seg<2>         |   10.594|
A<6>           |seg<3>         |   10.713|
A<6>           |seg<4>         |   10.584|
A<6>           |seg<5>         |   11.026|
A<6>           |seg<6>         |   10.547|
A<7>           |seg<0>         |    9.517|
A<7>           |seg<1>         |    9.413|
A<7>           |seg<2>         |    9.516|
A<7>           |seg<3>         |    9.635|
A<7>           |seg<4>         |    9.506|
A<7>           |seg<5>         |    9.948|
A<7>           |seg<6>         |    9.469|
B<0>           |seg<0>         |   12.021|
B<0>           |seg<1>         |   11.917|
B<0>           |seg<2>         |   12.020|
B<0>           |seg<3>         |   12.139|
B<0>           |seg<4>         |   12.010|
B<0>           |seg<5>         |   12.452|
B<0>           |seg<6>         |   11.973|
B<1>           |seg<0>         |   12.336|
B<1>           |seg<1>         |   12.232|
B<1>           |seg<2>         |   12.335|
B<1>           |seg<3>         |   12.454|
B<1>           |seg<4>         |   12.325|
B<1>           |seg<5>         |   12.767|
B<1>           |seg<6>         |   12.288|
B<2>           |seg<0>         |   12.091|
B<2>           |seg<1>         |   11.987|
B<2>           |seg<2>         |   12.090|
B<2>           |seg<3>         |   12.209|
B<2>           |seg<4>         |   12.080|
B<2>           |seg<5>         |   12.522|
B<2>           |seg<6>         |   12.043|
B<3>           |seg<0>         |   11.549|
B<3>           |seg<1>         |   11.445|
B<3>           |seg<2>         |   11.548|
B<3>           |seg<3>         |   11.667|
B<3>           |seg<4>         |   11.538|
B<3>           |seg<5>         |   11.980|
B<3>           |seg<6>         |   11.501|
B<4>           |seg<0>         |   11.460|
B<4>           |seg<1>         |   11.356|
B<4>           |seg<2>         |   11.459|
B<4>           |seg<3>         |   11.578|
B<4>           |seg<4>         |   11.449|
B<4>           |seg<5>         |   11.891|
B<4>           |seg<6>         |   11.412|
B<5>           |seg<0>         |   11.447|
B<5>           |seg<1>         |   11.343|
B<5>           |seg<2>         |   11.446|
B<5>           |seg<3>         |   11.565|
B<5>           |seg<4>         |   11.436|
B<5>           |seg<5>         |   11.878|
B<5>           |seg<6>         |   11.399|
B<6>           |seg<0>         |   10.783|
B<6>           |seg<1>         |   10.679|
B<6>           |seg<2>         |   10.782|
B<6>           |seg<3>         |   10.901|
B<6>           |seg<4>         |   10.772|
B<6>           |seg<5>         |   11.214|
B<6>           |seg<6>         |   10.735|
B<7>           |seg<0>         |   10.222|
B<7>           |seg<1>         |   10.118|
B<7>           |seg<2>         |   10.221|
B<7>           |seg<3>         |   10.340|
B<7>           |seg<4>         |   10.211|
B<7>           |seg<5>         |   10.653|
B<7>           |seg<6>         |   10.174|
---------------+---------------+---------+


Analysis completed Thu Dec 12 14:05:53 2019 
--------------------------------------------------------------------------------

Trace Settings:
-------------------------
Trace Settings 

Peak Memory Usage: 5005 MB



